// Jest Snapshot v1, https://goo.gl/fbAQLP

exports[`NewPassword component should renders without crashing 1`] = `
<div
  className="row"
  id=""
>
  <form
    className="newpassword col s4 offset-s4 valign"
    onSubmit={[Function]}
  >
    <div
      className="modal-header"
    >
      <h3
        className="form-header"
      >
         Reset Password 
      </h3>
      <p
        className="center"
      >
        Please use the Form Below to Reset Your Password
      </p>
    </div>
    <Input
      action={[Function]}
      class="form-control"
      name="password"
      placeholder="New Password"
      required={true}
      type="password"
      value=""
    />
    <Input
      action={[Function]}
      class="form-control"
      name="confirmPassword"
      placeholder="Confirm New Password"
      required={true}
      type="password"
      value=""
    />
    <div
      className="form-group"
    >
      <SubmitButton
        type="submit"
        value="Reset Password"
      />
      <a
        className="right"
        href="/"
      >
        <SubmitButton
          type="button"
          value="Return Home"
        />
      </a>
    </div>
  </form>
</div>
`;
